Gs^_s, Gs^_s, Gs^_s, Gs^_s, Gs^_s, Gs^_s, Gs^_s, Gs^_s, Gs^_s, Gs^_s, Gs^_s, Gs^_s, Gs^_s, Gs^_s, Gs, Gs, Gs, Gs, Gs, Gs, Gs, Gs, Gs, Gs^_s, Gs^_s, Gs^_s, Gs^_s, Gs^_s, Gs^_s, Gs^_s, Gs^_s, Gs^_s, Gs^_s, Gs^_s, Gs^_s, Gs^_s, Gs^_s, Gs^_s
Gs^_s, Gs^_s, Gs^_s, Gs^_s, Gs^_s, Gs^_s, Gs^_s, Gs^_s, Gs^_s, Gs^_s, Gs^_s, Gs^_s, Gs, Gs, Gs, Gs, Xos, Xos, Ur^Pr|, Xos, Xos, Gs, Gs, Gs, Gs, Gs^_s, Gs^_s, Gs^_s, Gs^_s, Gs^_s, Gs^_s, Gs^_s, Gs^_s, Gs^_s, Gs^_s, Gs^_s, Gs^_s, Gs^_s
Gs^_s, Gs^_s, Gs^_s, Gs^_s, Gs^_s, Gs^_s, Gs^_s, Gs^_s, Gs^_s, Gs^_s, Gs, Gs, Gs, Gs, Xos, Xos, Xos, Xos, Ur, Xos, Xos, Xos, Xos, Gs, Gs, Gs, Gs, Gs^_s, Gs^_s, Gs^_s, Gs^_s, Gs^_s, Gs^_s, Gs^_s, Gs^_s, Gs^_s, Gs^_s, Gs^_s
Gs^_s, Gs^_s, Gs^_s, Gs^_s, Gs^_s, Gs^_s, Gs^_s, Gs^_s, Gs, Gs, Gs, Gs, Xos, Xos, Xos, Xos, Ur, Ur, Ur, Ur, Ur, Xos, Xos, Xos, Xos, Gs, Gs, Gs, Gs, Gs^_s, Gs^_s, Gs^_s, Gs^_s, Gs^_s, Gs^_s, Gs^_s, Gs^_s, Gs^_s
Gs^_s, Gs^_s, Gs^_s, Gs^_s, Gs^_s, Gs^_s, Gs, Gs, Gs, Gs, Xos, Xos, Xos, Xos, Ur, Ur, Ur, Ur, Ur, Ur, Ur, Ur, Ur, Xos, Xos, Xos, Xos, Gs, Gs, Gs, Gs, Gs^_s, Gs^_s, Gs^_s, Gs^_s, Gs^_s, Gs^_s, Gs^_s
Gs^_s, Gs^_s, Gs^_s, Gs^_s, Gs, Gs, Gs, Gs, Xos, Xos, Xos, Xos, Xos, Xos, Xos, Ur, Ur, Ur, Ur, Ur, Ur, Ur, Xos, Xos, Xos, Xos, Xos, Xos, Xos, Gs, Gs, Gs, Gs, Gs^_s, Gs^_s, Gs^_s, Gs^_s, Gs^_s
Gs^_s, Gs^_s, Gs, Gs, Gs, Gs, Xos, Xos, Xos, Xos, Xos, Xos, Xos, Xos, Gg^Fms, Xos, Xos, Ur, Ur, Ur, Xos, Xos, Hh^Fms, Xos, Xos, Xos, Xos, Xos, Xos, Xos, Xos, Gs, Gs, Gs, Gs, Gs^_s, Gs^_s, Gs^_s
Gs, Gs, Gs, Gs, Xos, Xos, Xos, Xos, Xos, Xos, Xos, Xos, Gg, Gg^Fms, Gg, Gg, Gs, Gll, Gll, Gll, Gs, Hh^Fms, Hh, Ss, Ss, Xos, Xos, Xos, Xos, Xos, Xos, Xos, Xos, Gs, Gs, Gs, Gs, Gs^_s
Gs, Gs, Xos, Xos, Xos, Xos, Ur, Xos, Xos, Xos, Gs, Gs, Gs, Gg, Gs, Hh, Ss, Gs, Gs, Gs, Gg, Gg, Gg, Mm, Gg, Gs, Gg, Xos, Xos, Xos, Ur, Xos, Xos, Xos, Xos, Gs, Gs, Gs
Gs, Gs, Ur^Pr/, Xos, Ur, Ur, Ur, Ur, Xos, Gg, Gg, Gg, Hh, Hh, Gs, Gg^Fms, Hh, Gs, Hh, Gs, Gg, Hh, Ss, Gg, Gg, Gg, Gg^Fms, Gg, Xos, Ur, Ur, Ur, Ur, Xos, Ur^Pr\, Gs, Gs, Gs
Gs, Xos, Xos, Ur, Ur, Ur, Ur, Ur, Xos, Hh, Gg, Gs, Hh, Mm, Gs, Gs, Gg, Gs, Hh, Gg^Fms, Gg, Gg, Gs, Gg, Hh, Hh, Hh^Fms, Gg, Xos, Ur, Ur, Ur, Ur, Ur, Xos, Xos, Gs, Gs
Gs, Xos, Xos, Ur, Ur, Ur, Ur, Ur, Gll, Hh, Gg, Gs, Ss, Gs, Gg, Gs, Gg, Mm, Ss, Gg, Hh, Gg, Gs, Gs, Gs, Ss, Gg, Gs, Gll, Ur, Ur, Ur, Ur, Ur, Xos, Xos, Gs, Gs
Gs, Xos, Xos, Ur, Ur, Ur, Ur, Ur, Gll, Gs, Hh, Gs, Gg, Gg, Gg^Fms, Gg, Gs, Gg, Gs, Gg, Gg, Mm, Hh, Gg, Gg, Gg, Gg, Hh^Fms, Gll, Ur, Ur, Ur, Ur, Ur, Xos, Xos, Gs, Gs
Gs, Xos, Xos, Ur, Ur, Ur, Xos, Gll, Gs, Gs, Gs, Gg, Gg, Gg^Fms, Gg, Gg, Mm, Gg, Gs, Hh, Gg, Hh^Fms, Gs, Gg, Gg^Fms, Hh^Fms, Hh, Gs, Gs, Gll, Xos, Ur, Ur, Ur, Xos, Xos, Gs, Gs
Gs, Xos, Xos, Xos, Xos, Xos, Hh^Fms, Hh, Gg, Gg, Hh^Fms, Hh, Gs, Gg, Gg, Gg, Ss, Hh, Gs, Gg, Gg^Fms, Gg, Gg, Gs, Gg, Ss, Gg, Gs, Hh, Gs, Gg, Xos, Xos, Xos, Xos, Xos, Gs, Gs
Gs, Xos, Xos, Xos, Xos, Hh^Fms, Mm, Hh, Gg, Gg, Hh^Fms, Ss, Gg, Gs^Fms, Gg, Gg, Gg, Hh, Gs, Gs, Hh, Hh^Fms, Gs, Gs^Fms, Gg, Gg, Gg, Gg, Gg, Gg, Gg^Fms, Gg, Xos, Xos, Xos, Xos, Gs, Gs
Gs, Xos, Xos, Xos, Xos, Hh, Gg, Gg, Gs, Gg, Gg, Gg, Gg, Gg, Gg, Gg^Fms, Gs, Gs, Gd, Gs, Gs, Gs, Ss, Gs, Gg, Hh^Fms, Gg, Gg, Hh, Gg, Gg, Gg, Xos, Xos, Xos, Xos, Gs, Gs
Gs, Xos, Xos, Xos, Xos, Gs, Gg, Ss, Hh, Gs, Gg, Hh, Hh, Gs, Gs, Gg, Gs, Gd, Gs, Gd, Gs, Ss, Gs, Gs, Hh, Gg^Fms, Gg, Gs, Hh, Mm, Gg, Gs, Xos, Xos, Xos, Xos, Gs, Gs
Gs, Xos, Xos, Xos, Xos, Gs, Gg, Mm, Hh, Gs, Gg, Gg^Fms, Gg, Gs, Ss, Ss, Gs, Gd, Gd, Gd, Gs, Gg, Gg, Gs, Gg, Hh, Gg, Gs, Gs, Ss, Gg, Gs, Xos, Xos, Xos, Xos, Gs, Gs
Gs, Xos, Xos, Xos, Xos, Gg, Gg^Fms, Gg, Gg, Gg, Gg, Hh^Fms, Gg, Gs, Gs, Gs, Hh, Gs, Gs, Gs, Gg, Gg^Fms, Gg, Gg, Gg, Gg, Hh^Fms, Gg, Gg, Gg, Mm, Hh, Xos, Xos, Xos, Xos, Gs, Gs
Gs, Xos, Xos, Xos, Xos, Gg, Gg, Gg, Hh, Gg, Gg, Gg, Gg, Gs^Fms, Gg, Hh^Fms, Gg^Fms, Gs, Gs, Hh, Ss, Gg, Gg, Gs^Fms, Gs, Ss, Hh^Fms, Gg, Gg, Hh, Hh^Fms, Hh^Fms, Xos, Xos, Xos, Xos, Gs, Gs
Gs, Xos, Xos, Xos, Ur, Xos, Xos, Gs, Gs, Gs, Hh, Ss, Gg^Fms, Gs, Gs, Gg, Gg, Gg, Gs, Hh, Mm, Gg, Gg, Gg, Gg, Hh, Gs, Gg, Gs, Hh, Xos, Xos, Ur, Xos, Xos, Xos, Gs, Gs
Gs, Xos, Xos, Ur, Ur, Ur, Ur, Gll, Gll, Gs, Gg, Hh^Fms, Gg, Gg, Hh, Hh^Fms, Gg, Hh, Gs, Gg, Gs, Gg, Gg^Fms, Gg^Fms, Gg, Gg, Hh, Gs, Gll, Gll, Ur, Ur, Ur, Ur, Xos, Xos, Gs, Gs
Gs, Xos, Xos, Ur, Ur, Ur, Ur, Ur, Gll, Hh^Fms, Gg, Gg, Gs, Gg, Gs, Mm, Hh, Gg, Ss, Gg, Gg, Gg, Gg, Gg, Ss, Gs, Gg, Gs, Gll, Ur, Ur, Ur, Ur, Ur, Xos, Xos, Gs, Gs
Gs, Xos, Xos, Ur, Ur, Ur, Ur, Ur, Xos, Gs, Hh^Fms, Ss, Hh, Gs, Gs, Gg, Gg, Gg, Hh, Mm, Gg, Gs, Gs, Gs, Hh, Gs, Gg, Hh, Xos, Ur, Ur, Ur, Ur, Ur, Xos, Xos, Gs, Gs
Gs, Xos, Ur^Pr\, Ur, Ur, Ur, Ur, Ur, Xos, Gg, Gg^Fms, Hh, Gg, Gg, Ss, Gg, Gg, Gg^Fms, Hh, Gs, Hh, Gs, Gs, Mm, Hh, Gs, Gg, Hh, Xos, Ur, Ur, Ur, Ur, Ur, Ur^Pr/, Xos, Gs, Gs
Gs, Gs, Xos, Xos, Xos, Ur, Ur, Ur, Xos, Gg, Gg, Gg, Gg, Gg, Gg, Hh, Gg, Gs, Gs, Gs, Ss, Gg^Fms, Gs, Hh, Gs, Gg, Gs, Gg, Xos, Ur, Ur, Ur, Xos, Xos, Xos, Gs, Gs, Gs
Gs, Gs, Gs, Xos, Xos, Xos, Xos, Xos, Xos, Xos, Xos, Gs, Ss, Mm, Hh, Gg, Gs, Gs, Gll, Gs, Gs, Hh, Gg, Gg, Gg, Gs, Xos, Xos, Xos, Xos, Xos, Xos, Xos, Xos, Gs, Gs, Gs, Gs
Gs^_s, Gs, Gs, Gs, Gs, Xos, Xos, Xos, Xos, Xos, Xos, Xos, Xos, Ss, Hh^Fms, Hh^Fms, Xos, Gll, Ur, Gll, Xos, Gg, Gg^Fms, Gg^Fms, Xos, Xos, Xos, Xos, Xos, Xos, Xos, Xos, Gs, Gs, Gs, Gs, Gs^_s, Gs^_s
Gs^_s, Gs^_s, Gs^_s, Gs, Gs, Gs, Gs, Xos, Xos, Xos, Xos, Xos, Xos, Xos, Xos, Xos, Ur, Ur, Ur, Ur, Ur, Xos, Xos, Xos, Xos, Xos, Xos, Xos, Xos, Xos, Gs, Gs, Gs, Gs, Gs^_s, Gs^_s, Gs^_s, Gs^_s
Gs^_s, Gs^_s, Gs^_s, Gs^_s, Gs^_s, Gs, Gs, Gs, Gs, Xos, Xos, Xos, Xos, Xos, Ur, Ur, Ur, Ur, Ur, Ur, Ur, Ur, Ur, Xos, Xos, Xos, Xos, Xos, Gs, Gs, Gs, Gs, Gs^_s, Gs^_s, Gs^_s, Gs^_s, Gs^_s, Gs^_s
Gs^_s, Gs^_s, Gs^_s, Gs^_s, Gs^_s, Gs^_s, Gs^_s, Gs, Gs, Gs, Gs, Xos, Xos, Xos, Xos, Ur, Ur, Ur, Ur, Ur, Ur, Ur, Xos, Xos, Xos, Xos, Gs, Gs, Gs, Gs, Gs^_s, Gs^_s, Gs^_s, Gs^_s, Gs^_s, Gs^_s, Gs^_s, Gs^_s
Gs^_s, Gs^_s, Gs^_s, Gs^_s, Gs^_s, Gs^_s, Gs^_s, Gs^_s, Gs^_s, Gs, Gs, Gs, Gs, Xos, Xos, Xos, Xos, Ur, Ur, Ur, Xos, Xos, Xos, Xos, Gs, Gs, Gs, Gs, Gs^_s, Gs^_s, Gs^_s, Gs^_s, Gs^_s, Gs^_s, Gs^_s, Gs^_s, Gs^_s, Gs^_s
Gs^_s, Gs^_s, Gs^_s, Gs^_s, Gs^_s, Gs^_s, Gs^_s, Gs^_s, Gs^_s, Gs^_s, Gs^_s, Gs, Gs, Gs, Gs, Xos, Xos, Xos, Ur^Pr|, Xos, Xos, Xos, Gs, Gs, Gs, Gs, Gs^_s, Gs^_s, Gs^_s, Gs^_s, Gs^_s, Gs^_s, Gs^_s, Gs^_s, Gs^_s, Gs^_s, Gs^_s, Gs^_s
Gs^_s, Gs^_s, Gs^_s, Gs^_s, Gs^_s, Gs^_s, Gs^_s, Gs^_s, Gs^_s, Gs^_s, Gs^_s, Gs^_s, Gs^_s, Gs, Gs, Gs, Gs, Xos, Gs, Xos, Gs, Gs, Gs, Gs, Gs^_s, Gs^_s, Gs^_s, Gs^_s, Gs^_s, Gs^_s, Gs^_s, Gs^_s, Gs^_s, Gs^_s, Gs^_s, Gs^_s, Gs^_s, Gs^_s
