Gll^_s, Gll^_s, Gll^_s, Gll^_s, Gll^_s, Gll^_s, Gll^_s, Gll^_s, Gll^_s, Gll^_s, Gll^_s, Gll^_s, Gll^_s, Gll^_s, Gll, Gll, Gll, Gll, Gll, Gll, Gll, Gll, Gll, Gll^_s, Gll^_s, Gll^_s, Gll^_s, Gll^_s, Gll^_s, Gll^_s, Gll^_s, Gll^_s, Gll^_s, Gll^_s, Gll^_s, Gll^_s, Gll^_s, Gll^_s
Gll^_s, Gll^_s, Gll^_s, Gll^_s, Gll^_s, Gll^_s, Gll^_s, Gll^_s, Gll^_s, Gll^_s, Gll^_s, Gll^_s, Gll, Gll, Gll, Gll, Xos, Xos, Ur^Pr|, Xos, Xos, Gll, Gll, Gll, Gll, Gll^_s, Gll^_s, Gll^_s, Gll^_s, Gll^_s, Gll^_s, Gll^_s, Gll^_s, Gll^_s, Gll^_s, Gll^_s, Gll^_s, Gll^_s
Gll^_s, Gll^_s, Gll^_s, Gll^_s, Gll^_s, Gll^_s, Gll^_s, Gll^_s, Gll^_s, Gll^_s, Gll, Gll, Gll, Gll, Xos, Xos, Xos, Xos, Ur, Xos, Xos, Xos, Xos, Gll, Gll, Gll, Gll, Gll^_s, Gll^_s, Gll^_s, Gll^_s, Gll^_s, Gll^_s, Gll^_s, Gll^_s, Gll^_s, Gll^_s, Gll^_s
Gll^_s, Gll^_s, Gll^_s, Gll^_s, Gll^_s, Gll^_s, Gll^_s, Gll^_s, Gll, Gll, Gll, Gll, Xos, Xos, Xos, Xos, Ur, Ur, Ur, Ur, Ur, Xos, Xos, Xos, Xos, Gll, Gll, Gll, Gll, Gll^_s, Gll^_s, Gll^_s, Gll^_s, Gll^_s, Gll^_s, Gll^_s, Gll^_s, Gll^_s
Gll^_s, Gll^_s, Gll^_s, Gll^_s, Gll^_s, Gll^_s, Gll, Gll, Gll, Gll, Xos, Xos, Xos, Xos, Ur, Ur, Ur, Ur, Ur, Ur, Ur, Ur, Ur, Xos, Xos, Xos, Xos, Gll, Gll, Gll, Gll, Gll^_s, Gll^_s, Gll^_s, Gll^_s, Gll^_s, Gll^_s, Gll^_s
Gll^_s, Gll^_s, Gll^_s, Gll^_s, Gll, Gll, Gll, Gll, Xos, Xos, Xos, Xos, Xos, Xos, Xos, Ur, Ur, Ur, Ur, Ur, Ur, Ur, Xos, Xos, Xos, Xos, Xos, Xos, Xos, Gll, Gll, Gll, Gll, Gll^_s, Gll^_s, Gll^_s, Gll^_s, Gll^_s
Gll^_s, Gll^_s, Gll, Gll, Gll, Gll, Xos, Xos, Xos, Xos, Xos, Xos, Xos, Xos, Aa^Fpa, Xos, Xos, Ur, Ur, Ur, Xos, Xos, Ha^Fpa, Xos, Xos, Xos, Xos, Xos, Xos, Xos, Xos, Gll, Gll, Gll, Gll, Gll^_s, Gll^_s, Gll^_s
Gll, Gll, Gll, Gll, Xos, Xos, Xos, Xos, Xos, Xos, Xos, Xos, Aa, Aa^Fpa, Gll, Gll, Aa, Gll, Aa, Aa, Gs, Hh^Fdw, Hh, Ai, Ai, Xos, Xos, Xos, Xos, Xos, Xos, Xos, Xos, Gll, Gll, Gll, Gll, Gll^_s
Gll, Gll, Xos, Xos, Xos, Xos, Ur, Xos, Xos, Xos, Gs, Gs, Gs, Gll, Gs, Ha, Ai, Gs, Gs, Aa, Gll, Gll, Gll, Ms, Aa, Gs, Gll, Xos, Xos, Xos, Ur, Xos, Xos, Xos, Xos, Gll, Gll, Gll
Gll, Gll, Ur^Pr/, Xos, Ur, Ur, Ur, Ur, Xos, Aa, Aa, Gll, Hh, Hh, Gs, Aa^Fpa, Hh, Gs, Ha, Aa, Gll, Ha, Ai, Gll, Gll, Gll, Aa^Fpa, Aa, Xos, Ur, Ur, Ur, Ur, Xos, Ur^Pr\, Gll, Gll, Gll
Gll, Xos, Xos, Ur, Ur, Ur, Ur, Ur, Xos, Ha, Aa, Gs, Ha, Ms, Gs, Gs, Gll, Gs, Ha, Aa^Fpa, Gll, Aa, Aa, Gll, Hh, Hh, Ha^Fpa, Aa, Xos, Ur, Ur, Ur, Ur, Ur, Xos, Xos, Gll, Gll
Gll, Xos, Xos, Ur, Ur, Ur, Ur, Ur, Gll, Ha, Aa, Aa, Ai, Gs, Gll, Aa, Gll, Ms, Ai, Gll, Hh, Gll, Aa, Gs, Gs, Ai, Gll, Gs, Gll, Ur, Ur, Ur, Ur, Ur, Xos, Xos, Gll, Gll
Gll, Xos, Xos, Ur, Ur, Ur, Ur, Ur, Aa, Gs, Ha, Gs, Gll, Gll, Gll^Fdw, Gll, Gs, Gll, Gs, Gll, Gll, Ms, Ha, Gll, Gll, Gll, Gll, Hh^Fdw, Gll, Ur, Ur, Ur, Ur, Ur, Xos, Xos, Gll, Gll
Gll, Xos, Xos, Ur, Ur, Ur, Xos, Aa, Gs, Gs, Gs, Gll, Gll, Gll^Fdw, Gll, Gll, Ms, Gll, Gs, Hh, Gll, Hh^Fdw, Gs, Gll, Gll^Fdw, Ha^Fpa, Ha, Gs, Gs, Aa, Xos, Ur, Ur, Ur, Xos, Xos, Gll, Gll
Gll, Xos, Xos, Xos, Xos, Xos, Hh^Fdw, Hh, Gll, Gll, Ha^Fpa, Hh, Gs, Gll, Gll, Gll, Ai, Ha, Gs, Gll, Gll^Fdw, Gll, Gll, Gs, Gll, Ai, Aa, Gs, Hh, Gs, Gll, Xos, Xos, Xos, Xos, Xos, Gll, Gll
Gll, Xos, Xos, Xos, Xos, Ha^Fpa, Ms, Hh, Gll, Aa, Ha^Fpa, Ai, Aa, Gll^Fdw, Gll, Aa, Gll, Hh, Gs, Gs, Hh, Hh^Fdw, Gll, Aa^Fpa, Gll, Gll, Gll, Gll, Gll, Gll, Aa^Fpa, Gll, Xos, Xos, Xos, Xos, Gll, Gll
Gll, Xos, Xos, Xos, Xos, Ha, Aa, Aa, Gs, Aa, Gll, Gll, Gll, Gll, Gll, Aa^Fpa, Gs, Gs, Gll, Gs, Gs, Gs, Ai, Aa, Gll, Hh^Fdw, Gll, Gll, Hh, Gll, Aa, Aa, Xos, Xos, Xos, Xos, Gll, Gll
Gll, Xos, Xos, Xos, Xos, Gs, Aa, Ai, Hh, Gs, Gll, Hh, Hh, Gs, Aa, Gll, Aa, Gll, Gll, Gll, Aa, Ai, Aa, Gs, Hh, Gll^Fdw, Gll, Gs, Hh, Ms, Aa, Gs, Xos, Xos, Xos, Xos, Gll, Gll
Gll, Xos, Xos, Xos, Xos, Gs, Aa, Ms, Hh, Gs, Gll, Gll^Fdw, Gll, Gs, Ai, Ai, Gs, Gll, Gll, Gll, Gs, Gll, Gll, Gs, Gll, Hh, Gll, Gs, Gs, Ai, Aa, Gs, Xos, Xos, Xos, Xos, Gll, Gll
Gll, Xos, Xos, Xos, Xos, Aa, Aa^Fpa, Gll, Gll, Gll, Gll, Hh^Fdw, Gll, Aa, Gll, Gs, Hh, Gs, Gs, Gs, Gll, Aa^Fpa, Gll, Gll, Aa, Gll, Ha^Fpa, Aa, Gll, Aa, Ms, Ha, Xos, Xos, Xos, Xos, Gll, Gll
Gll, Xos, Xos, Xos, Xos, Aa, Gll, Gll, Hh, Gll, Aa, Gll, Gll, Aa^Fpa, Gll, Hh^Fdw, Gll^Fdw, Gs, Gs, Hh, Ai, Aa, Gll, Gll^Fdw, Gs, Ai, Ha^Fpa, Aa, Gll, Hh, Hh^Fdw, Ha^Fma, Xos, Xos, Xos, Xos, Gll, Gll
Gll, Xos, Xos, Xos, Ur, Xos, Xos, Gs, Gs, Gs, Ha, Ai, Gll^Fdw, Gs, Gs, Gll, Gll, Gll, Gs, Ha, Ms, Gll, Gll, Gll, Gll, Hh, Gs, Gll, Gs, Hh, Xos, Xos, Ur, Xos, Xos, Xos, Gll, Gll
Gll, Xos, Xos, Ur, Ur, Ur, Ur, Aa, Gll, Gs, Gll, Ha^Fpa, Gll, Gll, Ha, Hh^Fdw, Gll, Hh, Gs, Gll, Gs, Gll, Gll^Fdw, Gll^Fdw, Gll, Gll, Ha, Gs, Aa, Aa, Ur, Ur, Ur, Ur, Xos, Xos, Gll, Gll
Gll, Xos, Xos, Ur, Ur, Ur, Ur, Ur, Gll, Hh^Fdw, Gll, Gll, Gs, Gll, Aa, Ms, Hh, Gll, Ai, Gll, Gll, Gll, Gll, Gll, Ai, Gs, Aa, Gs, Gll, Ur, Ur, Ur, Ur, Ur, Xos, Xos, Gll, Gll
Gll, Xos, Xos, Ur, Ur, Ur, Ur, Ur, Xos, Gs, Ha^Fpa, Ai, Hh, Gs, Aa, Gll, Gll, Gll, Ha, Ms, Gll, Aa, Gs, Gs, Ha, Aa, Aa, Ha, Xos, Ur, Ur, Ur, Ur, Ur, Xos, Xos, Gll, Gll
Gll, Xos, Ur^Pr\, Ur, Ur, Ur, Ur, Ur, Xos, Gll, Aa^Fpa, Hh, Gll, Gll, Ai, Aa, Gll, Aa^Fpa, Ha, Gs, Hh, Gs, Gs, Ms, Hh, Gs, Aa, Ha, Xos, Ur, Ur, Ur, Ur, Ur, Ur^Pr/, Xos, Gll, Gll
Gll, Gll, Xos, Xos, Xos, Ur, Ur, Ur, Xos, Aa, Gll, Gll, Aa, Gll, Gll, Ha, Gll, Aa, Aa, Gs, Ai, Aa^Fpa, Gs, Hh, Gs, Gll, Gs, Aa, Xos, Ur, Ur, Ur, Xos, Xos, Xos, Gll, Gll, Gll
Gll, Gll, Gll, Xos, Xos, Xos, Xos, Xos, Xos, Xos, Xos, Gs, Ai, Ms, Hh, Gll, Gs, Gs, Aa, Gs, Aa, Ha, Gll, Gll, Aa, Gs, Xos, Xos, Xos, Xos, Xos, Xos, Xos, Xos, Gll, Gll, Gll, Gll
Gll^_s, Gll, Gll, Gll, Gll, Xos, Xos, Xos, Xos, Xos, Xos, Xos, Xos, Ai, Ha^Fpa, Hh^Fdw, Xos, Aa, Ur, Gll, Xos, Gll, Aa^Fpa, Aa^Fpa, Xos, Xos, Xos, Xos, Xos, Xos, Xos, Xos, Gll, Gll, Gll, Gll, Gll^_s, Gll^_s
Gll^_s, Gll^_s, Gll^_s, Gll, Gll, Gll, Gll, Xos, Xos, Xos, Xos, Xos, Xos, Xos, Xos, Xos, Ur, Ur, Ur, Ur, Ur, Xos, Xos, Xos, Xos, Xos, Xos, Xos, Xos, Xos, Gll, Gll, Gll, Gll, Gll^_s, Gll^_s, Gll^_s, Gll^_s
Gll^_s, Gll^_s, Gll^_s, Gll^_s, Gll^_s, Gll, Gll, Gll, Gll, Xos, Xos, Xos, Xos, Xos, Ur, Ur, Ur, Ur, Ur, Ur, Ur, Ur, Ur, Xos, Xos, Xos, Xos, Xos, Gll, Gll, Gll, Gll, Gll^_s, Gll^_s, Gll^_s, Gll^_s, Gll^_s, Gll^_s
Gll^_s, Gll^_s, Gll^_s, Gll^_s, Gll^_s, Gll^_s, Gll^_s, Gll, Gll, Gll, Gll, Xos, Xos, Xos, Xos, Ur, Ur, Ur, Ur, Ur, Ur, Ur, Xos, Xos, Xos, Xos, Gll, Gll, Gll, Gll, Gll^_s, Gll^_s, Gll^_s, Gll^_s, Gll^_s, Gll^_s, Gll^_s, Gll^_s
Gll^_s, Gll^_s, Gll^_s, Gll^_s, Gll^_s, Gll^_s, Gll^_s, Gll^_s, Gll^_s, Gll, Gll, Gll, Gll, Xos, Xos, Xos, Xos, Ur, Ur, Ur, Xos, Xos, Xos, Xos, Gll, Gll, Gll, Gll, Gll^_s, Gll^_s, Gll^_s, Gll^_s, Gll^_s, Gll^_s, Gll^_s, Gll^_s, Gll^_s, Gll^_s
Gll^_s, Gll^_s, Gll^_s, Gll^_s, Gll^_s, Gll^_s, Gll^_s, Gll^_s, Gll^_s, Gll^_s, Gll^_s, Gll, Gll, Gll, Gll, Xos, Xos, Xos, Ur^Pr|, Xos, Xos, Xos, Gll, Gll, Gll, Gll, Gll^_s, Gll^_s, Gll^_s, Gll^_s, Gll^_s, Gll^_s, Gll^_s, Gll^_s, Gll^_s, Gll^_s, Gll^_s, Gll^_s
Gll^_s, Gll^_s, Gll^_s, Gll^_s, Gll^_s, Gll^_s, Gll^_s, Gll^_s, Gll^_s, Gll^_s, Gll^_s, Gll^_s, Gll^_s, Gll, Gll, Gll, Gll, Xos, Gll, Xos, Gll, Gll, Gll, Gll, Gll^_s, Gll^_s, Gll^_s, Gll^_s, Gll^_s, Gll^_s, Gll^_s, Gll^_s, Gll^_s, Gll^_s, Gll^_s, Gll^_s, Gll^_s, Gll^_s
