Gd^_s, Gd^_s, Gd^_s, Gd^_s, Gd^_s, Gd^_s, Gd^_s, Gd^_s, Gd^_s, Gd^_s, Gd^_s, Gd^_s, Gd^_s, Gd^_s, Gd, Gd, Gd, Gd, Gd, Gd, Gd, Gd, Gd, Gd^_s, Gd^_s, Gd^_s, Gd^_s, Gd^_s, Gd^_s, Gd^_s, Gd^_s, Gd^_s, Gd^_s, Gd^_s, Gd^_s, Gd^_s, Gd^_s, Gd^_s
Gd^_s, Gd^_s, Gd^_s, Gd^_s, Gd^_s, Gd^_s, Gd^_s, Gd^_s, Gd^_s, Gd^_s, Gd^_s, Gd^_s, Gd, Gd, Gd, Gd, Xos, Xos, Ur^Pr|, Xos, Xos, Gd, Gd, Gd, Gd, Gd^_s, Gd^_s, Gd^_s, Gd^_s, Gd^_s, Gd^_s, Gd^_s, Gd^_s, Gd^_s, Gd^_s, Gd^_s, Gd^_s, Gd^_s
Gd^_s, Gd^_s, Gd^_s, Gd^_s, Gd^_s, Gd^_s, Gd^_s, Gd^_s, Gd^_s, Gd^_s, Gd, Gd, Gd, Gd, Xos, Xos, Xos, Xos, Ur, Xos, Xos, Xos, Xos, Gd, Gd, Gd, Gd, Gd^_s, Gd^_s, Gd^_s, Gd^_s, Gd^_s, Gd^_s, Gd^_s, Gd^_s, Gd^_s, Gd^_s, Gd^_s
Gd^_s, Gd^_s, Gd^_s, Gd^_s, Gd^_s, Gd^_s, Gd^_s, Gd^_s, Gd, Gd, Gd, Gd, Xos, Xos, Xos, Xos, Ur, Ur, Ur, Ur, Ur, Xos, Xos, Xos, Xos, Gd, Gd, Gd, Gd, Gd^_s, Gd^_s, Gd^_s, Gd^_s, Gd^_s, Gd^_s, Gd^_s, Gd^_s, Gd^_s
Gd^_s, Gd^_s, Gd^_s, Gd^_s, Gd^_s, Gd^_s, Gd, Gd, Gd, Gd, Xos, Xos, Xos, Xos, Ur, Ur, Ur, Ur, Ur, Ur, Ur, Ur, Ur, Xos, Xos, Xos, Xos, Gd, Gd, Gd, Gd, Gd^_s, Gd^_s, Gd^_s, Gd^_s, Gd^_s, Gd^_s, Gd^_s
Gd^_s, Gd^_s, Gd^_s, Gd^_s, Gd, Gd, Gd, Gd, Xos, Xos, Xos, Xos, Xos, Xos, Xos, Ur, Ur, Ur, Ur, Ur, Ur, Ur, Xos, Xos, Xos, Xos, Xos, Xos, Xos, Gd, Gd, Gd, Gd, Gd^_s, Gd^_s, Gd^_s, Gd^_s, Gd^_s
Gd^_s, Gd^_s, Gd, Gd, Gd, Gd, Xos, Xos, Xos, Xos, Xos, Xos, Xos, Xos, Dd^Ftd, Xos, Xos, Ur, Ur, Ur, Xos, Xos, Hd^Ftd, Xos, Xos, Xos, Xos, Xos, Xos, Xos, Xos, Gd, Gd, Gd, Gd, Gd^_s, Gd^_s, Gd^_s
Gd, Gd, Gd, Gd, Xos, Xos, Xos, Xos, Xos, Xos, Xos, Xos, Dd, Dd^Ftd, Re, Re, Dd, Re, Dd, Dd, Gd, Hhd, Hhd, Sm, Sm, Xos, Xos, Xos, Xos, Xos, Xos, Xos, Xos, Gd, Gd, Gd, Gd, Gd^_s
Gd, Gd, Xos, Xos, Xos, Xos, Ur, Xos, Xos, Xos, Gd, Gd, Gd, Re, Gd, Hd, Sm, Gd, Gd, Dd, Re, Re, Re, Mdd, Dd, Gd, Re, Xos, Xos, Xos, Ur, Xos, Xos, Xos, Xos, Gd, Gd, Gd
Gd, Gd, Ur^Pr/, Xos, Ur, Ur, Ur, Ur, Xos, Dd, Dd, Re, Hhd, Hhd, Gd, Dd^Ftd, Hhd, Gd, Hd, Dd, Re, Hd, Sm, Re, Re, Re, Dd^Ftd, Dd, Xos, Ur, Ur, Ur, Ur, Xos, Ur^Pr\, Gd, Gd, Gd
Gd, Xos, Xos, Ur, Ur, Ur, Ur, Ur, Xos, Hd, Dd, Gd, Hd, Mdd, Gd, Gd, Re, Gd, Hd, Dd^Ftd, Re, Dd, Dd, Re, Hhd, Hhd, Hd^Ftd, Dd, Xos, Ur, Ur, Ur, Ur, Ur, Xos, Xos, Gd, Gd
Gd, Xos, Xos, Ur, Ur, Ur, Ur, Ur, Re, Hd, Dd, Dd, Sm, Gd, Re, Dd, Re, Mdd, Sm, Re, Hhd, Re, Dd, Gd, Gd, Sm, Re, Gd, Re, Ur, Ur, Ur, Ur, Ur, Xos, Xos, Gd, Gd
Gd, Xos, Xos, Ur, Ur, Ur, Ur, Ur, Dd, Gd, Hd, Gd, Re, Re, Gd^Fts, Re, Gd, Re, Gd, Re, Dd, Mdd, Hd, Re, Re, Re, Re, Hhd, Re, Ur, Ur, Ur, Ur, Ur, Xos, Xos, Gd, Gd
Gd, Xos, Xos, Ur, Ur, Ur, Xos, Dd, Gd, Gd, Gd, Re, Re, Gd^Fts, Dd, Re, Mdd, Re, Gd, Hhd, Re, Hhd, Gd, Re, Gd^Fts, Hd^Ftd, Hd, Gd, Gd, Dd, Xos, Ur, Ur, Ur, Xos, Xos, Gd, Gd
Gd, Xos, Xos, Xos, Xos, Xos, Hhd, Hhd, Re, Re, Hd^Ftd, Hhd, Gd, Re, Re, Re, Sm, Hd, Gd, Re, Gd^Fts, Re, Re, Gd, Re, Sm, Dd, Gd, Hhd, Gd, Re, Xos, Xos, Xos, Xos, Xos, Gd, Gd
Gd, Xos, Xos, Xos, Xos, Hd^Ftd, Mdd, Hhd, Re, Dd, Hd^Ftd, Sm, Dd, Gd^Fts, Re, Dd, Re, Hhd, Re, Dd, Hhd, Hhd, Re, Dd^Ftd, Re, Re, Re, Re, Dd, Re, Dd^Ftd, Re, Xos, Xos, Xos, Xos, Gd, Gd
Gd, Xos, Xos, Xos, Xos, Hd, Dd, Dd, Gd, Dd, Re, Re, Re, Dd, Re, Dd^Ftd, Gd, Gd, Re, Gd, Dd, Gd, Sm, Dd, Re, Hhd, Re, Dd, Hhd, Re, Dd, Dd, Xos, Xos, Xos, Xos, Gd, Gd
Gd, Xos, Xos, Xos, Xos, Gd, Dd, Sm, Hhd, Gd, Re, Hhd, Hhd, Gd, Dd, Re, Dd, Re, Dd, Re, Dd, Sm, Dd, Gd, Hhd, Gd^Fts, Re, Gd, Hhd, Mdd, Dd, Gd, Xos, Xos, Xos, Xos, Gd, Gd
Gd, Xos, Xos, Xos, Xos, Gd, Dd, Mdd, Hhd, Gd, Re, Gd^Fts, Re, Gd, Sm, Sm, Dd, Re, Re, Re, Gd, Re, Re, Gd, Re, Hhd, Re, Gd, Gd, Sm, Dd, Gd, Xos, Xos, Xos, Xos, Gd, Gd
Gd, Xos, Xos, Xos, Xos, Dd, Dd^Ftd, Re, Dd, Dd, Re, Hhd, Re, Dd, Re, Gd, Hhd, Gd, Re, Gd, Re, Dd^Ftd, Re, Dd, Dd, Re, Hd^Ftd, Dd, Re, Dd, Mdd, Hd, Xos, Xos, Xos, Xos, Gd, Gd
Gd, Xos, Xos, Xos, Xos, Dd, Re, Re, Hhd, Re, Dd, Re, Re, Dd^Ftd, Re, Hhd, Gd^Fts, Gd, Gd, Hhd, Sm, Dd, Re, Gd^Fts, Gd, Sm, Hd^Ftd, Dd, Re, Hhd, Hhd, Hd^Ftd, Xos, Xos, Xos, Xos, Gd, Gd
Gd, Xos, Xos, Xos, Ur, Xos, Xos, Gd, Gd, Gd, Hd, Sm, Gd^Fts, Gd, Gd, Re, Re, Dd, Gd, Hd, Mdd, Re, Dd, Re, Re, Hhd, Re, Re, Re, Hhd, Xos, Xos, Ur, Xos, Xos, Xos, Gd, Gd
Gd, Xos, Xos, Ur, Ur, Ur, Ur, Dd, Re, Gd, Re, Hd^Ftd, Re, Re, Hd, Hhd, Dd, Hhd, Gd, Re, Gd, Re, Gd^Fts, Gd^Fts, Re, Re, Hd, Re, Dd, Dd, Ur, Ur, Ur, Ur, Xos, Xos, Gd, Gd
Gd, Xos, Xos, Ur, Ur, Ur, Ur, Ur, Re, Hhd, Re, Re, Gd, Re, Dd, Mdd, Hhd, Re, Sm, Re, Re, Re, Re, Re, Sm, Gd, Dd, Re, Re, Ur, Ur, Ur, Ur, Ur, Xos, Xos, Gd, Gd
Gd, Xos, Xos, Ur, Ur, Ur, Ur, Ur, Xos, Gd, Hd^Ftd, Sm, Hhd, Gd, Dd, Re, Re, Re, Hd, Mdd, Re, Dd, Gd, Gd, Hd, Dd, Dd, Hd, Xos, Ur, Ur, Ur, Ur, Ur, Xos, Xos, Gd, Gd
Gd, Xos, Ur^Pr\, Ur, Ur, Ur, Ur, Ur, Xos, Re, Dd^Ftd, Hhd, Re, Re, Sm, Dd, Re, Dd^Ftd, Hd, Gd, Hhd, Gd, Gd, Mdd, Hhd, Gd, Dd, Hd, Xos, Ur, Ur, Ur, Ur, Ur, Ur^Pr/, Xos, Gd, Gd
Gd, Gd, Xos, Xos, Xos, Ur, Ur, Ur, Xos, Dd, Re, Re, Dd, Re, Re, Hd, Re, Dd, Dd, Gd, Sm, Dd^Ftd, Gd, Hhd, Gd, Re, Gd, Dd, Xos, Ur, Ur, Ur, Xos, Xos, Xos, Gd, Gd, Gd
Gd, Gd, Gd, Xos, Xos, Xos, Xos, Xos, Xos, Xos, Xos, Gd, Sm, Mdd, Hhd, Re, Gd, Gd, Dd, Gd, Dd, Hd, Re, Re, Dd, Gd, Xos, Xos, Xos, Xos, Xos, Xos, Xos, Xos, Gd, Gd, Gd, Gd
Gd^_s, Gd, Gd, Gd, Gd, Xos, Xos, Xos, Xos, Xos, Xos, Xos, Xos, Sm, Dd^Ftd, Hhd, Xos, Dd, Ur, Re, Xos, Re, Dd^Ftd, Dd^Ftd, Xos, Xos, Xos, Xos, Xos, Xos, Xos, Xos, Gd, Gd, Gd, Gd, Gd^_s, Gd^_s
Gd^_s, Gd^_s, Gd^_s, Gd, Gd, Gd, Gd, Xos, Xos, Xos, Xos, Xos, Xos, Xos, Xos, Xos, Ur, Ur, Ur, Ur, Ur, Xos, Xos, Xos, Xos, Xos, Xos, Xos, Xos, Xos, Gd, Gd, Gd, Gd, Gd^_s, Gd^_s, Gd^_s, Gd^_s
Gd^_s, Gd^_s, Gd^_s, Gd^_s, Gd^_s, Gd, Gd, Gd, Gd, Xos, Xos, Xos, Xos, Xos, Ur, Ur, Ur, Ur, Ur, Ur, Ur, Ur, Ur, Xos, Xos, Xos, Xos, Xos, Gd, Gd, Gd, Gd, Gd^_s, Gd^_s, Gd^_s, Gd^_s, Gd^_s, Gd^_s
Gd^_s, Gd^_s, Gd^_s, Gd^_s, Gd^_s, Gd^_s, Gd^_s, Gd, Gd, Gd, Gd, Xos, Xos, Xos, Xos, Ur, Ur, Ur, Ur, Ur, Ur, Ur, Xos, Xos, Xos, Xos, Gd, Gd, Gd, Gd, Gd^_s, Gd^_s, Gd^_s, Gd^_s, Gd^_s, Gd^_s, Gd^_s, Gd^_s
Gd^_s, Gd^_s, Gd^_s, Gd^_s, Gd^_s, Gd^_s, Gd^_s, Gd^_s, Gd^_s, Gd, Gd, Gd, Gd, Xos, Xos, Xos, Xos, Ur, Ur, Ur, Xos, Xos, Xos, Xos, Gd, Gd, Gd, Gd, Gd^_s, Gd^_s, Gd^_s, Gd^_s, Gd^_s, Gd^_s, Gd^_s, Gd^_s, Gd^_s, Gd^_s
Gd^_s, Gd^_s, Gd^_s, Gd^_s, Gd^_s, Gd^_s, Gd^_s, Gd^_s, Gd^_s, Gd^_s, Gd^_s, Gd, Gd, Gd, Gd, Xos, Xos, Xos, Ur^Pr|, Xos, Xos, Xos, Gd, Gd, Gd, Gd, Gd^_s, Gd^_s, Gd^_s, Gd^_s, Gd^_s, Gd^_s, Gd^_s, Gd^_s, Gd^_s, Gd^_s, Gd^_s, Gd^_s
Gd^_s, Gd^_s, Gd^_s, Gd^_s, Gd^_s, Gd^_s, Gd^_s, Gd^_s, Gd^_s, Gd^_s, Gd^_s, Gd^_s, Gd^_s, Gd, Gd, Gd, Gd, Xos, Gd, Xos, Gd, Gd, Gd, Gd, Gd^_s, Gd^_s, Gd^_s, Gd^_s, Gd^_s, Gd^_s, Gd^_s, Gd^_s, Gd^_s, Gd^_s, Gd^_s, Gd^_s, Gd^_s, Gd^_s
